// Jest Snapshot v1, https://goo.gl/fbAQLP

exports[`Basic rendering should render 1`] = `"<div tabindex=\\"-1\\" class=\\"block-editor-link-control\\"><div class=\\"block-editor-link-control__search-input-wrapper\\"><form><div class=\\"components-base-control block-editor-url-input block-editor-link-control__search-input css-wdf2ti-Wrapper e1puf3u0\\"><div class=\\"components-base-control__field css-11vcxb9-StyledField e1puf3u1\\"><input required=\\"\\" class=\\"block-editor-url-input__input\\" type=\\"text\\" placeholder=\\"Search or type url\\" role=\\"combobox\\" aria-label=\\"URL\\" aria-expanded=\\"false\\" aria-autocomplete=\\"list\\" aria-owns=\\"block-editor-url-input-suggestions-0\\" value=\\"\\"></div></div><div class=\\"block-editor-link-control__search-actions\\"><button type=\\"submit\\" class=\\"components-button block-editor-link-control__search-submit has-icon\\" aria-label=\\"Submit\\"><svg width=\\"24\\" height=\\"24\\" xmlns=\\"http://www.w3.org/2000/svg\\" viewBox=\\"-2 -2 24 24\\" role=\\"img\\" aria-hidden=\\"true\\" focusable=\\"false\\"><path d=\\"M6.734 16.106l2.176-2.38-1.093-1.028-3.846 4.158 3.846 4.157 1.093-1.027-2.176-2.38h2.811c1.125 0 2.25.03 3.374 0 1.428-.001 3.362-.25 4.963-1.277 1.66-1.065 2.868-2.906 2.868-5.859 0-2.479-1.327-4.896-3.65-5.93-1.82-.813-3.044-.8-4.806-.788l-.567.002v1.5c.184 0 .368 0 .553-.002 1.82-.007 2.704-.014 4.21.657 1.854.827 2.76 2.657 2.76 4.561 0 2.472-.973 3.824-2.178 4.596-1.258.807-2.864 1.04-4.163 1.04h-.02c-1.115.03-2.229 0-3.344 0H6.734z\\"></path></svg></button></div></form></div><fieldset class=\\"block-editor-link-control__settings\\"><legend class=\\"components-visually-hidden\\">Currently selected link settings</legend><div class=\\"components-base-control components-toggle-control block-editor-link-control__setting css-wdf2ti-Wrapper e1puf3u0\\"><div class=\\"components-base-control__field css-11vcxb9-StyledField e1puf3u1\\"><span class=\\"components-form-toggle\\"><input class=\\"components-form-toggle__input\\" id=\\"inspector-toggle-control-0\\" type=\\"checkbox\\"><span class=\\"components-form-toggle__track\\"></span><span class=\\"components-form-toggle__thumb\\"></span></span><label for=\\"inspector-toggle-control-0\\" class=\\"components-toggle-control__label\\">Open in new tab</label></div></div></fieldset></div>"`;

exports[`Rich link previews should display a rich preview when data is available 1`] = `
.emotion-0 {
  width: 1.4em;
  height: 1.4em;
  margin: -0.2em 0.1em 0;
  vertical-align: middle;
  fill: currentColor;
}

<div
  aria-label="Currently selected"
  aria-selected="true"
  class="block-editor-link-control__search-item is-current is-rich is-preview"
>
  <div
    class="block-editor-link-control__search-item-top"
  >
    <span
      class="block-editor-link-control__search-item-header"
    >
      <span
        class="block-editor-link-control__search-item-icon is-image"
      >
        <img
          alt=""
          src="https://s.w.org/favicon.ico?2"
        />
      </span>
      <span
        class="block-editor-link-control__search-item-details"
      >
        <a
          class="components-external-link block-editor-link-control__search-item-title"
          href="https://www.wordpress.org"
          rel="external noreferrer noopener"
          target="_blank"
        >
          Blog Tool, Publishing Platform, and CMS â€” WordPress.org
          <span
            class="components-visually-hidden"
          >
            (opens in a new tab)
          </span>
          <svg
            aria-hidden="true"
            class="components-external-link__icon emotion-0 emotion-1"
            focusable="false"
            height="24"
            role="img"
            viewBox="0 0 24 24"
            width="24"
            xmlns="http://www.w3.org/2000/svg"
          >
            <path
              d="M18.2 17c0 .7-.6 1.2-1.2 1.2H7c-.7 0-1.2-.6-1.2-1.2V7c0-.7.6-1.2 1.2-1.2h3.2V4.2H7C5.5 4.2 4.2 5.5 4.2 7v10c0 1.5 1.2 2.8 2.8 2.8h10c1.5 0 2.8-1.2 2.8-2.8v-3.6h-1.5V17zM14.9 3v1.5h3.7l-6.4 6.4 1.1 1.1 6.4-6.4v3.7h1.5V3h-6.3z"
            />
          </svg>
        </a>
        <span
          class="block-editor-link-control__search-item-info"
        >
          wordpress.org
        </span>
      </span>
    </span>
    <button
      class="components-button block-editor-link-control__search-item-action is-secondary"
      type="button"
    >
      Edit
    </button>
  </div>
  <div
    class="block-editor-link-control__search-item-bottom"
  >
    <img
      alt=""
      class="block-editor-link-control__search-item-image"
      src="https://s.w.org/images/home/screen-themes.png?3"
    />
    <p
      class="block-editor-link-control__search-item-description"
    >
      Open source software which you can use to easily create a beautiful website, blog, or app.
    </p>
  </div>
</div>
`;
